<testsuite tests="147">
  <testcase classname="FieldPathManager_Test" name="testIsValid" time="22" />
  <testcase classname="FieldPathManager_Test" name="testNormalize" time="25" />
  <testcase classname="FinalizerHandler_Test" name="bypassFinalizerShouldSucceed" time="32" />
  <testcase classname="FinalizerHandler_Test" name="bypassedFinalizerShouldNotExecute" time="35" />
  <testcase classname="FinalizerHandler_Test" name="clearAllFinalizerBypassesShouldSucceed" time="27" />
  <testcase classname="FinalizerHandler_Test" name="clearFinalizerBypassShouldSucceed" time="24" />
  <testcase classname="FinalizerHandler_Test" name="finalizerIsBypassedShouldSucceed" time="24" />
  <testcase classname="FinalizerHandler_Test" name="finalizerThatInvokesDmlShouldCauseException" time="30" />
  <testcase classname="FinalizerHandler_Test" name="finalizersShouldExecuteInOrder" time="28" />
  <testcase classname="FinalizerHandler_Test" name="invalidFinalizerClassShouldThrowException" time="27" />
  <testcase classname="FinalizerHandler_Test" name="noConfiguredFinalizerShouldTakeNoAction" time="28" />
  <testcase classname="FinalizerHandler_Test" name="properlyConfiguredFinalizerShouldExecute" time="32" />
  <testcase classname="FinalizerHandler_Test" name="referencedClassDoesNotImplementDmlFinalizerShouldThrowException" time="27" />
  <testcase classname="FinalizerHandler_Test" name="staticallyBypassedFinalizerShouldNotExecute" time="26" />
  <testcase classname="FinalizerHandler_Test" name="userWithBypassPermissionDefinedOnFinalizerShouldNotExecute" time="27" />
  <testcase classname="FinalizerHandler_Test" name="userWithoutRequiredPermissionDefinedOnFinalizerShouldNotExecute" time="27" />
  <testcase classname="FlowChangeEventHeader_Test" name="shouldBeAbleToCompare" time="21" />
  <testcase classname="FlowChangeEventHeader_Test" name="shouldBeAbleToConstruct" time="26" />
  <testcase classname="FlowChangeEventHeader_Test" name="shouldBeAbleToGenerateHashCode" time="21" />
  <testcase classname="FormulaFilter_Test" name="emptyClassShouldThrowException" time="28" />
  <testcase classname="FormulaFilter_Test" name="emptyStringFormulaShouldProcessAllRecords" time="21" />
  <testcase classname="FormulaFilter_Test" name="invalidFormulaSyntaxShouldThrowException" time="31" />
  <testcase classname="FormulaFilter_Test" name="noFormulaShouldProcessAllRecords" time="15" />
  <testcase classname="FormulaFilter_Test" name="nonExistentClassShouldThrowException" time="16" />
  <testcase classname="FormulaFilter_Test" name="nonGlobalShouldThrowException" time="18" />
  <testcase classname="FormulaFilter_Test" name="nonTriggerRecordClassShouldThrowException" time="23" />
  <testcase classname="FormulaFilter_Test" name="nullClassShouldThrowException" time="15" />
  <testcase classname="FormulaFilter_Test" name="validFormulaShouldFilterContentsOftriggerNew" time="16" />
  <testcase classname="FormulaFilter_Test" name="validFormulaWithNoMatchingRecordsShouldProcessNoRecords" time="15" />
  <testcase classname="MetadataTriggerHandler_Test" name="actionMetadataShouldConstruct" time="198" />
  <testcase classname="MetadataTriggerHandler_Test" name="actionShouldExecuteIfNoRequiredOrBypassPermissionsAreDefinedForSObjectOrAction" time="43" />
  <testcase classname="MetadataTriggerHandler_Test" name="actionShouldExecuteIfUserDoesNotHaveBypassPermissionForSObjectOrAction" time="29" />
  <testcase classname="MetadataTriggerHandler_Test" name="actionShouldNotExecuteIfUserDoesNotHaveRequiredPermissionForAction" time="21" />
  <testcase classname="MetadataTriggerHandler_Test" name="actionShouldNotExecuteIfUserDoesNotHaveRequiredPermissionForSObject" time="21" />
  <testcase classname="MetadataTriggerHandler_Test" name="actionShouldNotExecuteIfUserHasBypassPermissionForAction" time="23" />
  <testcase classname="MetadataTriggerHandler_Test" name="actionShouldNotExecuteIfUserHasBypassPermissionForSObject" time="23" />
  <testcase classname="MetadataTriggerHandler_Test" name="afterDeleteShouldFailWithIncorrectClass" time="22" />
  <testcase classname="MetadataTriggerHandler_Test" name="afterDeleteShouldFailWithIncorrectType" time="20" />
  <testcase classname="MetadataTriggerHandler_Test" name="afterDeleteShouldSucceed" time="25" />
  <testcase classname="MetadataTriggerHandler_Test" name="afterInsertShouldFailWithIncorrectClass" time="19" />
  <testcase classname="MetadataTriggerHandler_Test" name="afterInsertShouldFailWithIncorrectType" time="21" />
  <testcase classname="MetadataTriggerHandler_Test" name="afterInsertShouldSucceed" time="24" />
  <testcase classname="MetadataTriggerHandler_Test" name="afterUndeleteShouldFailWithIncorrectClass" time="22" />
  <testcase classname="MetadataTriggerHandler_Test" name="afterUndeleteShouldFailWithIncorrectType" time="20" />
  <testcase classname="MetadataTriggerHandler_Test" name="afterUndeleteShouldSucceed" time="28" />
  <testcase classname="MetadataTriggerHandler_Test" name="afterUpdateShouldFailWithIncorrectClass" time="22" />
  <testcase classname="MetadataTriggerHandler_Test" name="afterUpdateShouldFailWithIncorrectType" time="23" />
  <testcase classname="MetadataTriggerHandler_Test" name="afterUpdateShouldSucceed" time="25" />
  <testcase classname="MetadataTriggerHandler_Test" name="beforeDeleteShouldFailWithIncorrectClass" time="23" />
  <testcase classname="MetadataTriggerHandler_Test" name="beforeDeleteShouldFailWithIncorrectType" time="26" />
  <testcase classname="MetadataTriggerHandler_Test" name="beforeDeleteShouldSucceed" time="24" />
  <testcase classname="MetadataTriggerHandler_Test" name="beforeInsertShouldFailWithIncorrectClass" time="22" />
  <testcase classname="MetadataTriggerHandler_Test" name="beforeInsertShouldFailWithIncorrectType" time="22" />
  <testcase classname="MetadataTriggerHandler_Test" name="beforeInsertShouldSucceed" time="23" />
  <testcase classname="MetadataTriggerHandler_Test" name="beforeUpdateShouldFailWithIncorrectClass" time="21" />
  <testcase classname="MetadataTriggerHandler_Test" name="beforeUpdateShouldFailWithIncorrectType" time="22" />
  <testcase classname="MetadataTriggerHandler_Test" name="beforeUpdateShouldSucceed" time="23" />
  <testcase classname="MetadataTriggerHandler_Test" name="bypassShouldSucceed" time="20" />
  <testcase classname="MetadataTriggerHandler_Test" name="clearAllBypassesShouldSucceed" time="20" />
  <testcase classname="MetadataTriggerHandler_Test" name="clearBypassShouldSucceed" time="20" />
  <testcase classname="MetadataTriggerHandler_Test" name="finalizerShouldSucceed" time="25" />
  <testcase classname="MetadataTriggerHandler_Test" name="isBypassedShouldSucceed" time="31" />
  <testcase classname="MetadataTriggerHandler_Test" name="nothingToProcessShouldExitEarly" time="23" />
  <testcase classname="MetadataTriggerHandler_Test" name="theFrameworkShouldSupportFlow" time="20" />
  <testcase classname="MetadataTriggerHandler_Test" name="theFrameworkShouldSupportSObjectsFromManagedPackages" time="40" />
  <testcase classname="TriggerActionFlowAddError_Test" name="addErrorShouldAddAnErrorAtTheFieldSpecified" time="29" />
  <testcase classname="TriggerActionFlowAddError_Test" name="addErrorShouldSucceedWithValidRequest" time="24" />
  <testcase classname="TriggerActionFlowBypass_Test" name="bypassApexShouldSucceedWithValidRequest" time="32" />
  <testcase classname="TriggerActionFlowBypass_Test" name="bypassFlowShouldSucceedWithValidRequest" time="24" />
  <testcase classname="TriggerActionFlowBypass_Test" name="bypassObjectShouldSucceedWithValidRequest" time="17" />
  <testcase classname="TriggerActionFlowBypass_Test" name="bypassShouldFailWithInvalidType" time="19" />
  <testcase classname="TriggerActionFlowChangeEvent_Test" name="correctInputShouldProduceFlowInputs" time="38" />
  <testcase classname="TriggerActionFlowChangeEvent_Test" name="emptyInputShouldProduceEmptyFlowInputs" time="21" />
  <testcase classname="TriggerActionFlowChangeEvent_Test" name="wrongDataTypeShouldThrowException" time="15" />
  <testcase classname="TriggerActionFlowClearAllBypasses_Test" name="clearAllBypassApexShouldSucceedWithValidRequest" time="59" />
  <testcase classname="TriggerActionFlowClearAllBypasses_Test" name="clearAllBypassFlowShouldSucceedWithValidRequest" time="28" />
  <testcase classname="TriggerActionFlowClearAllBypasses_Test" name="clearAllBypassObjectShouldSucceedWithValidRequest" time="19" />
  <testcase classname="TriggerActionFlowClearAllBypasses_Test" name="clearAllBypassShouldFailWithInvalidType" time="22" />
  <testcase classname="TriggerActionFlowClearBypass_Test" name="clearBypassApexShouldSucceedWithValidRequest" time="51" />
  <testcase classname="TriggerActionFlowClearBypass_Test" name="clearBypassFlowShouldSucceedWithValidRequest" time="29" />
  <testcase classname="TriggerActionFlowClearBypass_Test" name="clearBypassObjecthouldSucceedWithValidRequest" time="16" />
  <testcase classname="TriggerActionFlowClearBypass_Test" name="clearBypassShouldFailWithInvalidType" time="20" />
  <testcase classname="TriggerActionFlowIsBypassed_Test" name="isBypassedApexShouldSucceedWithValidRequest" time="35" />
  <testcase classname="TriggerActionFlowIsBypassed_Test" name="isBypassedFlowShouldSucceedWithValidRequest" time="24" />
  <testcase classname="TriggerActionFlowIsBypassed_Test" name="isBypassedObjectShouldSucceedWithValidRequest" time="13" />
  <testcase classname="TriggerActionFlowIsBypassed_Test" name="isBypassedShouldFailWithInvalidType" time="15" />
  <testcase classname="TriggerActionFlow_Test" name="afterDeleteShouldSucceed" time="34" />
  <testcase classname="TriggerActionFlow_Test" name="afterInsertShouldSucceed" time="37" />
  <testcase classname="TriggerActionFlow_Test" name="afterUndeleteShouldSucceed" time="19" />
  <testcase classname="TriggerActionFlow_Test" name="afterUpdateShouldSucceed" time="14" />
  <testcase classname="TriggerActionFlow_Test" name="afterUpdateWithNoRecordsToProcessShouldSucceed" time="18" />
  <testcase classname="TriggerActionFlow_Test" name="beforeDeleteShouldSucceed" time="19" />
  <testcase classname="TriggerActionFlow_Test" name="beforeInsertShouldSucceed" time="22" />
  <testcase classname="TriggerActionFlow_Test" name="beforeUpdateShouldSucceed" time="20" />
  <testcase classname="TriggerActionFlow_Test" name="beforeUpdateWithNoRecordsToProcessShouldSucceed" time="20" />
  <testcase classname="TriggerActionFlow_Test" name="bypassShouldSucceed" time="18" />
  <testcase classname="TriggerActionFlow_Test" name="clearAllBypassesShouldSucceed" time="21" />
  <testcase classname="TriggerActionFlow_Test" name="clearBypassShouldSucceed" time="20" />
  <testcase classname="TriggerActionFlow_Test" name="emptyFlowNameShouldThrowException" time="22" />
  <testcase classname="TriggerActionFlow_Test" name="flowMissingRecordVariableInOutputShouldThrowException" time="21" />
  <testcase classname="TriggerActionFlow_Test" name="invokeFlowShouldReturnUnsuccessfulResponseWithBogusFlowName" time="196" />
  <testcase classname="TriggerActionFlow_Test" name="isBypassedShouldSucceed" time="18" />
  <testcase classname="TriggerActionFlow_Test" name="noRecordMutationsShouldSucceed" time="20" />
  <testcase classname="TriggerActionFlow_Test" name="nulledFieldInFlowShouldBeTransferredBack" time="24" />
  <testcase classname="TriggerActionFlow_Test" name="shouldDoNothingWhenBypassed" time="22" />
  <testcase classname="TriggerActionFlow_Test" name="unsuccessfulActionResultShouldBeAddedAsErrorToRecord" time="21" />
  <testcase classname="TriggerActionFlow_Test" name="validateTypeShouldThrowExceptionWithInvalidInput" time="21" />
  <testcase classname="TriggerBase_Test" name="afterDeleteShouldSucceed" time="47" />
  <testcase classname="TriggerBase_Test" name="afterInsertShouldSucceed" time="33" />
  <testcase classname="TriggerBase_Test" name="afterUndeleteShouldSucceed" time="17" />
  <testcase classname="TriggerBase_Test" name="afterUpdateShouldSucceed" time="17" />
  <testcase classname="TriggerBase_Test" name="beforeDeleteShouldSucceed" time="16" />
  <testcase classname="TriggerBase_Test" name="beforeInsertShouldSucceed" time="16" />
  <testcase classname="TriggerBase_Test" name="beforeUpdateShouldSucceed" time="18" />
  <testcase classname="TriggerBase_Test" name="bypassShouldSucceed" time="15" />
  <testcase classname="TriggerBase_Test" name="clearAllBypassesShouldSucceed" time="15" />
  <testcase classname="TriggerBase_Test" name="clearBypassShouldSucceed" time="14" />
  <testcase classname="TriggerBase_Test" name="finalizingWithoutWaitingShouldThrowError" time="15" />
  <testcase classname="TriggerBase_Test" name="idToNumberOfTimesSeenAfterUpdate" time="57" />
  <testcase classname="TriggerBase_Test" name="idToNumberOfTimesSeenBeforeUpdate" time="16" />
  <testcase classname="TriggerBase_Test" name="inverseContextsShouldFinalizeDmlOperationDelete" time="17" />
  <testcase classname="TriggerBase_Test" name="inverseContextsShouldFinalizeDmlOperationInsert" time="19" />
  <testcase classname="TriggerBase_Test" name="inverseContextsShouldFinalizeDmlOperationUndelete" time="61" />
  <testcase classname="TriggerBase_Test" name="inverseContextsShouldFinalizeDmlOperationUpdate" time="17" />
  <testcase classname="TriggerBase_Test" name="isBypassedShouldSucceed" time="15" />
  <testcase classname="TriggerBase_Test" name="offsetRowsShouldWork" time="17" />
  <testcase classname="TriggerBase_Test" name="oldAndNewShouldComeFromTrigger" time="14" />
  <testcase classname="TriggerBase_Test" name="peekShouldShowMostRecentlyAdded" time="17" />
  <testcase classname="TriggerBase_Test" name="peekingStackWhileEmptyShouldThrowException" time="15" />
  <testcase classname="TriggerBase_Test" name="poppingStackWhileEmptyShouldThrowException" time="15" />
  <testcase classname="TriggerBase_Test" name="runShouldDoNothingWhenBypassed" time="15" />
  <testcase classname="TriggerBase_Test" name="runShouldFailWhenCalledOutsideTrigger" time="14" />
  <testcase classname="TriggerBase_Test" name="sObjectNameShouldBePopulatedFromTriggerNew" time="15" />
  <testcase classname="TriggerBase_Test" name="sObjectNameShouldBePopulatedFromTriggerOld" time="16" />
  <testcase classname="TriggerBase_Test" name="stackDepthShouldBeCalculatedProperly" time="15" />
  <testcase classname="TriggerBase_Test" name="stackShouldBeFirstInLastOut" time="16" />
  <testcase classname="TriggerBase_Test" name="stackShouldBeLastInFirstOut" time="14" />
  <testcase classname="TriggerBase_Test" name="stacksShouldBeAbleToDetermineIftheyAreEmpty" time="18" />
  <testcase classname="TriggerBase_Test" name="waitingThenFinalizingShouldWork" time="18" />
  <testcase classname="TriggerRecord_Test" name="shouldBeAbleToConstructATriggerRecord" time="24" />
  <testcase classname="Triggers_Test" name="testContentDocumentLinkTrigger" time="12491" />
  <testcase classname="Triggers_Test" name="testContractAndFormTrigger" time="930" />
  <testcase classname="Triggers_Test" name="testTransactionTrigger" time="417" />
  <testcase classname="Triggers_Test" name="testTransactionTriggerRecord" time="35" />
  <testcase classname="Util_Test" name="testGetNamespace" time="29" />
  <testcase classname="Util_Test" name="testIsOrgEmailEnabled" time="42" />
  <testcase classname="Util_Test" name="testPrefixNamespace" time="20" />
</testsuite>